[themebeyond.com/html/movflx/index.html]
[backblue.gif]
[fade.gif]
[index.html]
[themebeyond.com/html/movflx/img/favicon.png]
[themebeyond.com/html/movflx/css/bootstrap.min.css]
[themebeyond.com/html/movflx/css/animate.min.css]
[themebeyond.com/html/movflx/css/magnific-popup.css]
[themebeyond.com/html/movflx/css/fontawesome-all.min.css]
[themebeyond.com/html/movflx/css/owl.carousel.min.css]
[themebeyond.com/html/movflx/css/flaticon.css]
[themebeyond.com/html/movflx/css/odometer.css]
[themebeyond.com/html/movflx/css/aos.css]
[themebeyond.com/html/movflx/css/slick.css]
[themebeyond.com/html/movflx/css/default.css]
[themebeyond.com/html/movflx/css/style.css]
[themebeyond.com/html/movflx/css/responsive.css]
[themebeyond.com/html/movflx/img/preloader.svg]
[themebeyond.com/html/movflx/img/logo/logo.png]
[themebeyond.com/html/movflx/index-2.html]
[themebeyond.com/html/movflx/movie.html]
[themebeyond.com/html/movflx/movie-details.html]
[themebeyond.com/html/movflx/tv-show.html]
[themebeyond.com/html/movflx/pricing.html]
[themebeyond.com/html/movflx/blog.html]
[themebeyond.com/html/movflx/blog-details.html]
[themebeyond.com/html/movflx/contact.html]
[themebeyond.com/html/movflx/img/banner/banner_bg01.jpg]
[themebeyond.com/html/movflx/img/bg/ucm_bg.jpg]
[themebeyond.com/html/movflx/img/bg/ucm_bg_shape.png]
[themebeyond.com/html/movflx/img/poster/ucm_poster01.jpg]
[themebeyond.com/html/movflx/img/poster/ucm_poster02.jpg]
[themebeyond.com/html/movflx/img/poster/ucm_poster03.jpg]
[themebeyond.com/html/movflx/img/poster/ucm_poster04.jpg]
[themebeyond.com/html/movflx/img/poster/ucm_poster05.jpg]
[themebeyond.com/html/movflx/img/poster/ucm_poster06.jpg]
[themebeyond.com/html/movflx/img/poster/ucm_poster07.jpg]
[themebeyond.com/html/movflx/img/poster/ucm_poster08.jpg]
[themebeyond.com/html/movflx/img/bg/services_bg.jpg]
[themebeyond.com/html/movflx/img/images/services_img.jpg]
[themebeyond.com/html/movflx/fonts/download.svg]
[themebeyond.com/html/movflx/img/bg/tr_movies_bg.jpg]
[themebeyond.com/html/movflx/img/bg/live_bg.jpg]
[themebeyond.com/html/movflx/img/images/live_img.png]
[themebeyond.com/html/movflx/img/bg/tv_series_bg.jpg]
[themebeyond.com/html/movflx/img/poster/ucm_poster09.jpg]
[themebeyond.com/html/movflx/img/poster/ucm_poster10.jpg]
[themebeyond.com/html/movflx/img/bg/newsletter_bg.jpg]
[themebeyond.com/html/movflx/img/images/card_img.png]
[themebeyond.com/html/movflx/js/vendor/jquery-3.6.0.min.js]
[themebeyond.com/html/movflx/js/popper.min.js]
[themebeyond.com/html/movflx/js/bootstrap.min.js]
[themebeyond.com/html/movflx/js/isotope.pkgd.min.js]
[themebeyond.com/html/movflx/js/imagesloaded.pkgd.min.js]
[themebeyond.com/html/movflx/js/jquery.magnific-popup.min.js]
[themebeyond.com/html/movflx/js/owl.carousel.min.js]
[themebeyond.com/html/movflx/js/jquery.odometer.min.js]
[themebeyond.com/html/movflx/js/jquery.appear.js]
[themebeyond.com/html/movflx/js/slick.min.js]
[themebeyond.com/html/movflx/js/ajax-form.js]
[themebeyond.com/html/movflx/js/wow.min.js]
[themebeyond.com/html/movflx/js/aos.js]
[themebeyond.com/html/movflx/js/plugins.js]
[themebeyond.com/html/movflx/js/main.js]
[themebeyond.com/html/movflx/index.html]
[themebeyond.com/html/movflx/css/bootstrap.min.css]
[themebeyond.com/html/movflx/css/animate.min.css]
[themebeyond.com/html/movflx/css/magnific-popup.css]
[themebeyond.com/html/movflx/fonts/fa-brands-400.eot]
[themebeyond.com/html/movflx/fonts/fa-brands-400d41d.eot]
[themebeyond.com/html/movflx/fonts/fa-brands-400.woff2]
[themebeyond.com/html/movflx/fonts/fa-brands-400.woff]
[themebeyond.com/html/movflx/fonts/fa-brands-400.ttf]
[themebeyond.com/html/movflx/fonts/fa-brands-400.svg]
[themebeyond.com/html/movflx/fonts/fa-regular-400.eot]
[themebeyond.com/html/movflx/fonts/fa-regular-400d41d.eot]
[themebeyond.com/html/movflx/fonts/fa-regular-400.woff2]
[themebeyond.com/html/movflx/fonts/fa-regular-400.woff]
[themebeyond.com/html/movflx/fonts/fa-regular-400.ttf]
[themebeyond.com/html/movflx/fonts/fa-regular-400.svg]
[themebeyond.com/html/movflx/fonts/fa-solid-900.eot]
[themebeyond.com/html/movflx/fonts/fa-solid-900d41d.eot]
[themebeyond.com/html/movflx/fonts/fa-solid-900.woff2]
[themebeyond.com/html/movflx/fonts/fa-solid-900.woff]
[themebeyond.com/html/movflx/fonts/fa-solid-900.ttf]
[themebeyond.com/html/movflx/css/fontawesome-all.min.css]
[themebeyond.com/html/movflx/fonts/fa-solid-900.svg]
[themebeyond.com/html/movflx/css/owl.video.play.png]
[themebeyond.com/html/movflx/css/owl.carousel.min.css]
[themebeyond.com/html/movflx/fonts/Flaticon.eot]
[themebeyond.com/html/movflx/fonts/Flaticond41d.eot]
[themebeyond.com/html/movflx/fonts/Flaticon.woff2]
[themebeyond.com/html/movflx/fonts/Flaticon.woff]
[themebeyond.com/html/movflx/fonts/Flaticon.ttf]
[themebeyond.com/html/movflx/css/flaticon.css]
[themebeyond.com/html/movflx/css/odometer.css]
[themebeyond.com/html/movflx/css/aos.css]
[themebeyond.com/html/movflx/css/slick.css]
[themebeyond.com/html/movflx/css/default.css]
[themebeyond.com/html/movflx/fonts/Flaticon.svg]
[themebeyond.com/html/movflx/img/bg/header_bottom_shape.png]
[themebeyond.com/html/movflx/img/images/nw_selarw.png]
[themebeyond.com/html/movflx/img/images/title_shape.png]
[themebeyond.com/html/movflx/img/bg/gallery_bg.jpg]
[themebeyond.com/html/movflx/img/bg/footer_bg.jpg]
[themebeyond.com/html/movflx/css/style.css]
[themebeyond.com/html/movflx/css/responsive.css]
[themebeyond.com/html/movflx/img/preloader.svg]
[themebeyond.com/html/movflx/img/banner/s_slider_bg.jpg]
[themebeyond.com/html/movflx/img/banner/slider_img01.jpg]
[themebeyond.com/html/movflx/img/banner/slider_img02.jpg]
[themebeyond.com/html/movflx/img/banner/slider_img03.jpg]
[themebeyond.com/html/movflx/img/bg/ucm_bg02.jpg]
[themebeyond.com/html/movflx/img/poster/s_ucm_poster01.jpg]
[themebeyond.com/html/movflx/img/poster/s_ucm_poster02.jpg]
[themebeyond.com/html/movflx/img/poster/s_ucm_poster03.jpg]
[themebeyond.com/html/movflx/img/poster/s_ucm_poster04.jpg]
[themebeyond.com/html/movflx/img/poster/s_ucm_poster05.jpg]
[themebeyond.com/html/movflx/img/poster/s_ucm_poster06.jpg]
[themebeyond.com/html/movflx/img/poster/s_ucm_poster07.jpg]
[themebeyond.com/html/movflx/img/poster/s_ucm_poster08.jpg]
[themebeyond.com/html/movflx/img/poster/s_ucm_poster09.jpg]
[themebeyond.com/html/movflx/img/images/gallery_01.jpg]
[themebeyond.com/html/movflx/img/images/gallery_02.jpg]
[themebeyond.com/html/movflx/img/images/gallery_03.jpg]
[themebeyond.com/html/movflx/img/images/gallery_04.jpg]
[themebeyond.com/html/movflx/img/bg/services_bg02.jpg]
[themebeyond.com/html/movflx/img/images/services_img02.jpg]
[themebeyond.com/html/movflx/img/poster/s_ucm_poster10.jpg]
[themebeyond.com/html/movflx/img/bg/pricing_bg.jpg]
[themebeyond.com/html/movflx/index-2.html]
[themebeyond.com/html/movflx/img/bg/breadcrumb_bg.jpg]
[themebeyond.com/html/movflx/img/bg/movie_bg.jpg]
[themebeyond.com/html/movflx/movie.html]
[themebeyond.com/html/movflx/img/bg/movie_details_bg.jpg]
[themebeyond.com/html/movflx/img/poster/movie_details_img.jpg]
[themebeyond.com/html/movflx/img/images/play_icon.png]
[themebeyond.com/html/movflx/img/bg/episode_bg.jpg]
[themebeyond.com/html/movflx/img/images/episode_img.jpg]
[themebeyond.com/html/movflx/img/bg/tv_series_bg02.jpg]
[themebeyond.com/html/movflx/movie-details.html]
[themebeyond.com/html/movflx/tv-show.html]
[themebeyond.com/html/movflx/pricing.html]
[themebeyond.com/html/movflx/img/bg/blog_bg.jpg]
[themebeyond.com/html/movflx/img/blog/blog_thumb01.jpg]
[themebeyond.com/html/movflx/img/blog/blog_thumb02.jpg]
[themebeyond.com/html/movflx/img/blog/blog_thumb03.jpg]
[themebeyond.com/html/movflx/img/blog/rc_post_thumb01.jpg]
[themebeyond.com/html/movflx/img/blog/rc_post_thumb02.jpg]
[themebeyond.com/html/movflx/img/blog/rc_post_thumb03.jpg]
[themebeyond.com/html/movflx/blog.html]
[themebeyond.com/html/movflx/img/blog/blog_details_img01.jpg]
[themebeyond.com/html/movflx/img/blog/blog_details_img02.jpg]
[themebeyond.com/html/movflx/img/blog/post_avatar_img.png]
[themebeyond.com/html/movflx/img/blog/comment_avatar01.jpg]
[themebeyond.com/html/movflx/img/blog/comment_avatar02.jpg]
[themebeyond.com/html/movflx/blog-details.html]
[themebeyond.com/html/movflx/img/bg/contact_bg.jpg]
[themebeyond.com/html/movflx/img/bg/map.jpg]
[themebeyond.com/html/movflx/contact.html]
[themebeyond.com/html/movflx/fonts/download.svg]
[themebeyond.com/html/movflx/fonts/fa-brands-400.svg]
[themebeyond.com/cdn-cgi/scripts/5c5dd728/cloudflare-static/email-decode.min.js]
[themebeyond.com/html/movflx/fonts/fa-regular-400.svg]
[themebeyond.com/html/movflx/fonts/fa-solid-900.svg]
[themebeyond.com/html/movflx/css/owl.video.play.html]
[themebeyond.com/html/movflx/fonts/Flaticon.svg]
